2026-07-17 18:42:43,619 - INFO - Starting reconnaissance for example.com
2026-07-17 18:42:43,681 - INFO - Completed reconnaissance for example.com
2026-07-17 18:44:21,786 - INFO - Starting reconnaissance for example.com
2026-07-17 18:44:21,846 - INFO - Completed reconnaissance for example.com
2026-07-17 18:46:44,510 - INFO - Starting reconnaissance for example.com
2026-07-17 18:47:44,595 - INFO - Completed reconnaissance for example.com
2026-07-17 18:55:20,053 - INFO - Starting reconnaissance for example.com
2026-07-17 18:56:00,721 - INFO - Completed reconnaissance for example.com
2026-07-17 18:58:19,262 - INFO - Starting reconnaissance for example.com
2026-07-17 18:58:49,856 - INFO - Completed reconnaissance for example.com
2026-07-17 18:59:27,579 - INFO - Starting reconnaissance for example.com
2026-07-17 18:59:58,225 - INFO - Completed reconnaissance for example.com
2026-07-17 19:01:04,742 - INFO - Starting reconnaissance for example.com
2026-07-17 19:01:35,760 - INFO - Completed reconnaissance for example.com
2026-07-17 19:04:23,186 - INFO - Starting reconnaissance for google.com
2026-07-17 19:05:15,980 - INFO - Completed reconnaissance for google.com
2026-07-17 19:06:53,704 - INFO - Starting reconnaissance for google.com
2026-07-17 19:07:24,517 - INFO - Completed reconnaissance for google.com
2026-07-17 19:11:04,730 - INFO - Starting reconnaissance for google.com
2026-07-17 19:11:35,528 - INFO - Completed reconnaissance for google.com
2026-07-17 19:11:56,031 - INFO - Starting reconnaissance for google.com
2026-07-17 19:12:26,876 - INFO - Completed reconnaissance for google.com
2026-07-17 19:13:53,612 - INFO - Starting reconnaissance for linkedin.in
2026-07-17 19:14:24,242 - INFO - Completed reconnaissance for linkedin.in
2026-07-17 19:17:17,125 - INFO - Starting reconnaissance for linkedin.in
2026-07-17 19:17:47,818 - INFO - Completed reconnaissance for linkedin.in
2026-07-17 19:18:08,129 - INFO - Starting reconnaissance for linkedin.in
2026-07-17 19:18:38,758 - INFO - Completed reconnaissance for linkedin.in
2026-07-17 19:18:55,721 - INFO - Starting reconnaissance for google.com
2026-07-17 19:19:26,616 - INFO - Completed reconnaissance for google.com
2026-07-17 19:20:58,597 - INFO - Starting reconnaissance for www.google.com
2026-07-17 19:21:29,665 - INFO - Completed reconnaissance for www.google.com
2026-07-17 19:25:18,886 - INFO - Starting reconnaissance for www.google.com
2026-07-17 19:25:49,855 - INFO - Completed reconnaissance for www.google.com
2026-07-17 19:26:15,608 - INFO - Starting reconnaissance for google.com
2026-07-17 19:26:46,725 - INFO - Completed reconnaissance for google.com
2026-07-17 19:26:55,763 - INFO - Starting reconnaissance for google.com
2026-07-17 19:27:26,531 - INFO - Completed reconnaissance for google.com
2026-07-17 19:30:46,234 - INFO - Starting reconnaissance for google.com
2026-07-17 19:31:17,065 - INFO - Completed reconnaissance for google.com
2026-07-17 19:31:54,614 - INFO - Starting reconnaissance for google.com
2026-07-17 19:32:25,723 - INFO - Completed reconnaissance for google.com
2026-07-17 19:34:51,238 - INFO - Starting reconnaissance for google.com
2026-07-17 19:35:22,005 - INFO - Completed reconnaissance for google.com
2026-07-17 19:36:29,334 - INFO - Starting reconnaissance for google.com
2026-07-17 19:37:00,147 - INFO - Completed reconnaissance for google.com
2026-07-17 19:37:32,444 - INFO - Starting reconnaissance for google.com
2026-07-17 19:38:03,076 - INFO - Completed reconnaissance for google.com
2026-07-17 19:38:54,157 - INFO - Starting reconnaissance for google.com
2026-07-17 19:39:24,865 - INFO - Completed reconnaissance for google.com
2026-07-17 19:42:40,871 - INFO - Starting reconnaissance for google.com
2026-07-17 19:43:14,727 - INFO - Completed reconnaissance for google.com
2026-07-18 09:12:26,124 - INFO - Starting reconnaissance for google.com
2026-07-18 09:13:26,281 - INFO - Completed reconnaissance for google.com
2026-07-18 09:13:41,443 - INFO - Starting reconnaissance for google.com
2026-07-18 09:14:41,550 - INFO - Completed reconnaissance for google.com
2026-07-18 09:18:59,851 - INFO - Starting reconnaissance for google.com
2026-07-18 09:20:00,004 - INFO - Completed reconnaissance for google.com
2026-07-18 09:22:04,965 - INFO - Starting reconnaissance for googe.com
2026-07-18 09:22:06,905 - INFO - Completed reconnaissance for googe.com
2026-07-18 09:23:34,791 - INFO - Starting reconnaissance for google.com
2026-07-18 09:24:34,977 - INFO - Completed reconnaissance for google.com
2026-07-18 09:26:44,995 - INFO - Starting reconnaissance for google.com
2026-07-18 09:27:45,137 - INFO - Completed reconnaissance for google.com
2026-07-18 09:31:11,807 - INFO - Starting reconnaissance for google.com
2026-07-18 09:31:21,119 - INFO - Completed reconnaissance for google.com
2026-07-18 09:33:17,203 - INFO - Starting reconnaissance for google.com
2026-07-18 09:33:30,562 - INFO - Completed reconnaissance for google.com
2026-07-18 09:34:16,965 - INFO - Starting reconnaissance for google.com
2026-07-18 09:34:36,811 - INFO - Completed reconnaissance for google.com
2026-07-18 09:34:50,154 - INFO - Starting reconnaissance for google.com
2026-07-18 09:34:59,948 - INFO - Completed reconnaissance for google.com
2026-07-18 09:37:30,548 - INFO - Starting reconnaissance for example.com
2026-07-18 09:38:30,686 - INFO - Completed reconnaissance for example.com
2026-07-18 09:39:13,175 - INFO - Starting reconnaissance for google.com
2026-07-18 09:39:30,173 - INFO - Completed reconnaissance for google.com
2026-07-18 09:39:41,194 - INFO - Starting reconnaissance for example.com
2026-07-18 09:40:15,207 - INFO - Completed reconnaissance for example.com
2026-07-18 09:41:04,351 - INFO - Starting reconnaissance for linkedin.in
2026-07-18 09:41:35,792 - INFO - Completed reconnaissance for linkedin.in
2026-07-18 09:42:40,692 - INFO - Starting reconnaissance for linkedin.in
2026-07-18 09:42:54,714 - INFO - Completed reconnaissance for linkedin.in
2026-07-18 09:43:08,442 - INFO - Starting reconnaissance for google.com
2026-07-18 09:44:08,592 - INFO - Completed reconnaissance for google.com
2026-07-18 09:46:26,292 - INFO - Starting reconnaissance for google.com
2026-07-18 09:46:35,895 - INFO - Completed reconnaissance for google.com
2026-07-18 09:47:31,853 - INFO - Starting reconnaissance for google.com
2026-07-18 09:48:03,430 - INFO - Completed reconnaissance for google.com
2026-07-18 09:48:11,737 - INFO - Starting reconnaissance for example.com
2026-07-18 09:48:21,064 - INFO - Completed reconnaissance for example.com
2026-07-18 09:52:20,471 - INFO - Starting reconnaissance for linkedin.in
2026-07-18 09:52:30,415 - INFO - Completed reconnaissance for linkedin.in
2026-07-18 09:56:06,740 - INFO - Starting reconnaissance for linkedin.in
2026-07-18 09:56:38,948 - INFO - Completed reconnaissance for linkedin.in
2026-07-18 09:59:52,606 - INFO - Starting reconnaissance for linkedin.in
2026-07-18 10:00:24,169 - INFO - Completed reconnaissance for linkedin.in
2026-07-18 10:00:41,274 - INFO - Starting reconnaissance for google.com
2026-07-18 10:01:41,395 - INFO - Completed reconnaissance for google.com
2026-07-18 10:04:53,175 - INFO - Starting reconnaissance for google.com
2026-07-18 10:05:53,294 - INFO - Completed reconnaissance for google.com
2026-07-18 10:06:30,101 - INFO - Starting reconnaissance for google.com
2026-07-18 10:07:27,294 - INFO - Completed reconnaissance for google.com
2026-07-18 10:08:02,655 - INFO - Starting reconnaissance for google.com
2026-07-18 10:08:33,547 - INFO - Completed reconnaissance for google.com
2026-07-18 10:09:27,908 - INFO - Starting reconnaissance for github.com
2026-07-18 10:09:58,682 - INFO - Completed reconnaissance for github.com
2026-07-18 10:16:05,122 - INFO - Starting reconnaissance for https://www.linkedin.com/
2026-07-18 10:16:36,483 - INFO - Completed reconnaissance for https://www.linkedin.com/
2026-07-18 10:17:05,735 - INFO - Starting reconnaissance for https://google.com/
2026-07-18 10:18:05,875 - INFO - Completed reconnaissance for https://google.com/
2026-07-18 10:20:10,972 - INFO - Starting reconnaissance for google.com
2026-07-18 10:21:11,080 - INFO - Completed reconnaissance for google.com
2026-07-18 10:28:33,840 - INFO - Starting reconnaissance for google.com
2026-07-18 10:29:04,819 - INFO - Completed reconnaissance for google.com
2026-07-18 10:29:18,076 - INFO - Starting reconnaissance for google.com
2026-07-18 10:29:49,124 - INFO - Completed reconnaissance for google.com
2026-07-18 10:32:02,923 - INFO - Starting reconnaissance for google.com
2026-07-18 10:33:33,937 - INFO - Completed reconnaissance for google.com
2026-07-18 10:51:19,701 - INFO - Starting reconnaissance for google.com
2026-07-18 10:54:19,882 - INFO - Completed reconnaissance for google.com
2026-07-18 11:04:56,139 - INFO - Starting reconnaissance for google.com
2026-07-18 11:07:56,301 - INFO - Completed reconnaissance for google.com
2026-07-18 21:52:25,752 - INFO - Starting reconnaissance for google.com
2026-07-18 21:52:26,024 - INFO - Completed reconnaissance for google.com
2026-07-18 21:52:39,140 - INFO - Starting reconnaissance for google.com
2026-07-18 21:55:00,452 - INFO - Completed reconnaissance for google.com
2026-07-18 21:59:21,805 - INFO - Starting reconnaissance for google.com
2026-07-18 22:02:21,961 - INFO - Completed reconnaissance for google.com
2026-07-18 22:13:53,851 - INFO - Starting reconnaissance for google.com
2026-07-18 22:15:08,067 - INFO - Completed reconnaissance for google.com
2026-07-19 17:16:18,789 - INFO - Starting reconnaissance for example.com
2026-07-19 17:18:18,926 - INFO - Completed reconnaissance for example.com
2026-07-19 17:21:07,837 - INFO - Starting reconnaissance for example.com
2026-07-19 17:22:07,956 - INFO - Completed reconnaissance for example.com
2026-07-19 18:04:41,665 - INFO - Starting reconnaissance for google.com
2026-07-19 18:05:41,795 - INFO - Completed reconnaissance for google.com
2026-07-19 18:38:15,064 - INFO - Starting reconnaissance for google.com
2026-07-19 18:39:15,193 - INFO - Completed reconnaissance for google.com
2026-07-19 18:53:10,984 - INFO - Starting reconnaissance for google.com
2026-07-19 18:54:11,121 - INFO - Completed reconnaissance for google.com
2026-07-19 18:59:00,407 - INFO - Starting reconnaissance for google.com
2026-07-19 19:00:00,535 - INFO - Completed reconnaissance for google.com
2026-07-19 19:00:33,629 - INFO - Starting reconnaissance for google.com
2026-07-19 19:01:33,718 - INFO - Completed reconnaissance for google.com
2026-07-19 19:09:14,153 - INFO - Starting reconnaissance for google.com
2026-07-19 19:10:14,273 - INFO - Completed reconnaissance for google.com
2026-07-19 19:11:32,762 - INFO - Starting reconnaissance for google.com
2026-07-19 19:11:33,747 - INFO - Completed reconnaissance for google.com
2026-07-19 19:14:21,031 - INFO - Starting reconnaissance for google.com
2026-07-19 19:14:22,107 - INFO - Completed reconnaissance for google.com
2026-07-19 19:15:16,747 - INFO - Starting reconnaissance for google.com
2026-07-19 19:15:20,856 - INFO - Completed reconnaissance for google.com
2026-07-19 19:18:30,733 - INFO - Starting reconnaissance for google.com
2026-07-19 19:18:37,125 - INFO - Completed reconnaissance for google.com
2026-07-19 19:22:01,099 - INFO - Starting reconnaissance for google.com
2026-07-19 19:22:01,984 - INFO - Completed reconnaissance for google.com
2026-07-19 19:29:17,543 - INFO - Starting reconnaissance for google.com
2026-07-19 19:29:33,497 - INFO - Completed reconnaissance for google.com
2026-07-19 19:29:44,641 - INFO - Starting reconnaissance for google.com
2026-07-19 19:29:45,628 - INFO - Completed reconnaissance for google.com
2026-07-19 19:45:57,317 - INFO - Starting reconnaissance for google.com
2026-07-19 19:47:12,895 - INFO - Completed reconnaissance for google.com
2026-07-19 19:47:41,418 - INFO - Starting reconnaissance for google.com
2026-07-19 19:48:57,019 - INFO - Completed reconnaissance for google.com
2026-07-19 19:50:35,245 - INFO - Starting reconnaissance for example.com
2026-07-19 19:52:35,368 - INFO - Completed reconnaissance for example.com
2026-07-19 20:02:40,489 - INFO - Starting reconnaissance for example.com
2026-07-19 20:04:05,051 - INFO - Completed reconnaissance for example.com
2026-07-19 20:04:37,730 - INFO - Starting reconnaissance for example.com
2026-07-19 20:06:37,826 - INFO - Completed reconnaissance for example.com
2026-07-19 20:19:59,317 - INFO - Starting reconnaissance for example.com
2026-07-19 20:21:14,507 - INFO - Completed reconnaissance for example.com
2026-07-19 20:23:29,324 - INFO - Starting reconnaissance for google.com
2026-07-19 20:24:44,802 - INFO - Completed reconnaissance for google.com
2026-07-19 20:25:01,857 - INFO - Starting reconnaissance for google.com
2026-07-19 20:26:17,315 - INFO - Completed reconnaissance for google.com
2026-07-19 20:27:03,297 - INFO - Starting reconnaissance for example.com
2026-07-19 20:28:18,452 - INFO - Completed reconnaissance for example.com
2026-07-19 20:32:48,580 - INFO - Starting reconnaissance for example.com
2026-07-19 20:34:03,762 - INFO - Completed reconnaissance for example.com
2026-07-19 20:42:02,140 - INFO - Starting reconnaissance for google.com
2026-07-19 20:44:17,756 - INFO - Completed reconnaissance for google.com
2026-07-19 20:45:59,555 - INFO - Starting reconnaissance for google.com
2026-07-19 20:48:15,173 - INFO - Completed reconnaissance for google.com
2026-07-19 20:50:20,904 - INFO - Starting reconnaissance for google.com
2026-07-19 20:52:36,376 - INFO - Completed reconnaissance for google.com
2026-07-19 20:56:12,369 - INFO - Starting reconnaissance for google.com
2026-07-19 20:58:27,827 - INFO - Completed reconnaissance for google.com
2026-07-19 21:05:45,455 - INFO - Starting reconnaissance for google.com
2026-07-19 21:08:00,795 - INFO - Completed reconnaissance for google.com
2026-07-19 21:12:52,538 - INFO - Starting reconnaissance for google.com
2026-07-19 21:21:51,453 - INFO - Starting reconnaissance for google.com
2026-07-19 21:29:49,771 - INFO - Starting reconnaissance for google.com
2026-07-19 21:38:32,727 - INFO - Completed reconnaissance for google.com
2026-07-19 21:47:58,186 - INFO - Starting reconnaissance for google.com
2026-07-19 21:55:29,273 - INFO - Completed reconnaissance for google.com
2026-07-20 14:19:17,613 - INFO - Starting reconnaissance for google.com
2026-07-20 14:21:39,797 - INFO - Completed reconnaissance for google.com
2026-07-20 14:29:20,127 - INFO - Starting reconnaissance for google.com
2026-07-20 14:36:34,223 - INFO - Completed reconnaissance for google.com
2026-07-20 14:59:27,430 - INFO - Starting reconnaissance for google.com
2026-07-20 15:01:49,349 - INFO - Completed reconnaissance for google.com
2026-07-20 15:02:13,554 - INFO - Starting reconnaissance for google.com
2026-07-20 15:08:43,027 - INFO - Completed reconnaissance for google.com
2026-07-20 15:09:12,136 - INFO - Starting reconnaissance for google.com
2026-07-20 15:17:57,864 - INFO - Completed reconnaissance for google.com
2026-07-20 15:56:44,254 - INFO - Starting reconnaissance for google.com
2026-07-20 16:03:34,229 - INFO - Completed reconnaissance for google.com
2026-07-20 16:06:38,771 - INFO - Starting reconnaissance for google.com
2026-07-20 16:08:59,233 - INFO - Completed reconnaissance for google.com
2026-07-20 16:20:21,942 - INFO - Starting reconnaissance for google.com
2026-07-20 16:40:56,919 - INFO - Completed reconnaissance for google.com
2026-07-20 17:51:50,588 - INFO - Starting reconnaissance for google.com
2026-07-20 18:23:32,693 - INFO - Completed reconnaissance for google.com
2026-07-20 18:41:26,839 - INFO - Starting reconnaissance for google.com
2026-07-20 18:50:29,793 - INFO - Completed reconnaissance for google.com
2026-07-20 19:00:17,058 - INFO - Starting reconnaissance for google.com
2026-07-20 19:02:16,660 - INFO - Total live hosts found: 61
2026-07-20 19:02:16,765 - INFO - Completed reconnaissance for google.com
2026-07-20 19:04:44,236 - INFO - Starting reconnaissance for google.com
2026-07-20 19:12:17,439 - INFO - KeyboardInterrupt during httpx probe
2026-07-20 19:12:17,604 - INFO - Completed reconnaissance for google.com
2026-07-20 19:33:50,078 - INFO - Starting reconnaissance for google.com
2026-07-20 19:44:45,413 - INFO - Batch 1: httpx returned 1465 lines
2026-07-20 19:53:35,907 - INFO - Batch 2: httpx returned 1397 lines
2026-07-20 20:02:05,745 - INFO - Batch 3: httpx returned 1399 lines
2026-07-20 20:10:42,072 - INFO - Batch 4: httpx returned 1471 lines
2026-07-20 20:19:25,859 - INFO - Batch 5: httpx returned 1365 lines
2026-07-20 20:28:11,750 - INFO - Batch 6: httpx returned 1440 lines
2026-07-20 20:36:53,679 - INFO - Batch 7: httpx returned 1407 lines
2026-07-20 20:43:51,530 - INFO - KeyboardInterrupt during httpx probe
2026-07-20 20:43:51,532 - INFO - Total live hosts found: 3033
2026-07-20 20:43:51,643 - INFO - Completed reconnaissance for google.com
2026-07-20 21:34:48,211 - INFO - Batch 1: httpx returned 1 lines
2026-07-20 21:34:48,212 - INFO - Total live hosts found: 1
2026-07-20 21:34:48,215 - INFO - Total live hosts found: 2
2026-07-20 21:34:48,253 - INFO - Total live hosts found: 1
2026-07-20 21:37:00,122 - INFO - Batch 1: httpx returned 1 lines
2026-07-20 21:37:00,123 - INFO - Total live hosts found: 1
2026-07-20 21:37:00,126 - INFO - Total live hosts found: 2
2026-07-20 21:37:00,127 - INFO - Total live hosts found: 1
2026-07-20 21:37:07,540 - INFO - Batch 1: httpx returned 1 lines
2026-07-20 21:37:07,541 - INFO - Total live hosts found: 1
2026-07-20 21:37:07,544 - INFO - Total live hosts found: 2
2026-07-20 21:37:07,546 - INFO - Total live hosts found: 1
2026-07-20 21:43:47,490 - INFO - Batch 1: httpx returned 1 lines
2026-07-20 21:43:47,490 - INFO - Total live hosts found: 1
2026-07-20 21:43:47,494 - INFO - Total live hosts found: 2
2026-07-20 21:43:47,496 - INFO - Total live hosts found: 1
2026-07-20 21:46:53,598 - INFO - Starting reconnaissance for google.com
2026-07-20 21:48:34,828 - INFO - Batch 1: httpx returned 223 lines
2026-07-20 21:48:34,830 - INFO - Total live hosts found: 70
2026-07-20 21:48:34,924 - INFO - Completed reconnaissance for google.com
2026-07-20 21:50:09,538 - INFO - Batch 1: httpx returned 1 lines
2026-07-20 21:50:09,538 - INFO - Total live hosts found: 1
2026-07-20 21:50:09,541 - INFO - Total live hosts found: 2
2026-07-20 21:50:09,543 - INFO - Total live hosts found: 1
2026-07-20 21:50:16,184 - INFO - Batch 1: httpx returned 1 lines
2026-07-20 21:50:16,184 - INFO - Total live hosts found: 1
2026-07-20 21:50:16,187 - INFO - Total live hosts found: 2
2026-07-20 21:50:16,189 - INFO - Total live hosts found: 1
2026-07-20 21:55:51,594 - INFO - Starting reconnaissance for google.com
2026-07-20 21:57:59,695 - INFO - Batch 1: httpx returned 177 lines
2026-07-20 21:57:59,697 - INFO - Total live hosts found: 51
2026-07-20 21:57:59,801 - INFO - Completed reconnaissance for google.com
2026-07-20 22:08:09,178 - INFO - Starting reconnaissance for google.com
2026-07-20 22:11:11,170 - INFO - Batch 1: httpx returned 88 lines
2026-07-20 22:11:11,171 - INFO - Total live hosts found: 38
2026-07-20 22:11:11,281 - INFO - Completed reconnaissance for google.com
2026-07-21 15:30:01,488 - INFO - Starting reconnaissance for google.com
2026-07-21 15:33:45,131 - INFO - Batch 1: httpx returned 156 lines
2026-07-21 15:33:45,132 - INFO - Total live hosts found: 48
2026-07-21 15:33:45,239 - INFO - Completed reconnaissance for google.com
2026-07-21 15:43:20,610 - INFO - Starting reconnaissance for google.com
2026-07-21 15:50:08,656 - INFO - Batch 1: httpx returned 1618 lines
2026-07-21 15:55:21,945 - INFO - Batch 2: httpx returned 1634 lines
2026-07-21 16:00:39,352 - INFO - Batch 3: httpx returned 1568 lines
2026-07-21 16:06:01,254 - INFO - Batch 4: httpx returned 1563 lines
2026-07-21 16:11:31,923 - INFO - Batch 5: httpx returned 1604 lines
2026-07-21 16:16:57,673 - INFO - Batch 6: httpx returned 1620 lines
2026-07-21 16:22:25,328 - INFO - Batch 7: httpx returned 1552 lines
2026-07-21 16:27:49,683 - INFO - Batch 8: httpx returned 1624 lines
2026-07-21 16:33:07,050 - INFO - Batch 9: httpx returned 1650 lines
2026-07-21 16:38:24,779 - INFO - Batch 10: httpx returned 1612 lines
2026-07-21 16:40:05,485 - INFO - Batch 11: httpx returned 378 lines
2026-07-21 16:40:05,488 - INFO - Total live hosts found: 5471
2026-07-21 16:40:05,591 - INFO - Completed reconnaissance for google.com
2026-07-21 17:10:52,223 - INFO - Starting reconnaissance for google.com
2026-07-21 17:16:40,461 - INFO - Batch 2: httpx returned 188 lines
2026-07-21 17:16:41,015 - INFO - Batch 1: httpx returned 158 lines
2026-07-21 17:16:41,631 - INFO - Batch 3: httpx returned 155 lines
2026-07-21 17:20:15,533 - INFO - Batch 4: httpx returned 67 lines
2026-07-21 17:20:15,590 - INFO - Batch 5: httpx returned 92 lines
2026-07-21 17:20:16,854 - INFO - Batch 6: httpx returned 30 lines
2026-07-21 17:20:52,522 - INFO - Batch 8: httpx returned 7 lines
2026-07-21 17:23:43,381 - INFO - Batch 7: httpx returned 500 lines
2026-07-21 17:23:43,385 - INFO - Total live hosts found: 447
2026-07-21 17:23:43,484 - INFO - Completed reconnaissance for google.com
2026-07-21 17:26:20,271 - INFO - Starting reconnaissance for google.com
2026-07-21 17:32:38,771 - INFO - Batch 6: httpx returned 70 lines
2026-07-21 17:32:51,747 - INFO - Batch 5: httpx returned 88 lines
2026-07-21 17:32:51,926 - INFO - Batch 3: httpx returned 103 lines
2026-07-21 17:32:52,787 - INFO - Batch 1: httpx returned 90 lines
2026-07-21 17:32:53,394 - INFO - Batch 2: httpx returned 64 lines
2026-07-21 17:32:53,985 - INFO - Batch 4: httpx returned 83 lines
2026-07-21 17:32:53,987 - INFO - Total live hosts found: 246
2026-07-21 17:32:54,086 - INFO - Completed reconnaissance for google.com
2026-07-21 17:54:41,198 - INFO - Starting reconnaissance for google.com
2026-07-21 18:05:18,463 - INFO - Batch 2: httpx returned 113 lines
2026-07-21 18:05:19,860 - INFO - Batch 1: httpx returned 128 lines
2026-07-21 18:05:20,467 - INFO - Batch 5: httpx returned 128 lines
2026-07-21 18:05:21,670 - INFO - Batch 6: httpx returned 126 lines
2026-07-21 18:05:21,859 - INFO - Batch 3: httpx returned 125 lines
2026-07-21 18:05:23,705 - INFO - Batch 4: httpx returned 123 lines
2026-07-21 18:06:34,525 - INFO - Batch 8: httpx returned 55 lines
2026-07-21 18:12:37,545 - INFO - Batch 7: httpx returned 1357 lines
2026-07-21 18:12:37,554 - INFO - Total live hosts found: 755
2026-07-21 18:12:37,650 - INFO - Completed reconnaissance for google.com
2026-07-21 18:29:55,885 - INFO - Starting reconnaissance for google.com
2026-07-21 18:32:14,891 - INFO - Batch 6: httpx returned 48 lines
2026-07-21 18:49:49,728 - INFO - Batch 3: httpx returned 919 lines
2026-07-21 18:49:49,729 - INFO - Batch 2: httpx returned 980 lines
2026-07-21 18:49:49,729 - INFO - Batch 5: httpx returned 1007 lines
2026-07-21 18:49:49,731 - INFO - Batch 1: httpx returned 1034 lines
2026-07-21 18:49:49,732 - INFO - Batch 4: httpx returned 906 lines
2026-07-21 18:56:26,434 - INFO - Batch 1: httpx returned 2 lines
2026-07-21 18:56:26,435 - INFO - Total live hosts found: 2
2026-07-21 18:56:26,436 - INFO - Batch 1: httpx returned 2 lines
2026-07-21 18:56:26,437 - INFO - Total live hosts found: 2
2026-07-21 19:07:21,023 - INFO - Batch 1: httpx returned 2 lines
2026-07-21 19:07:21,023 - INFO - Total live hosts found: 2
2026-07-21 19:07:21,025 - INFO - Batch 1: httpx returned 2 lines
2026-07-21 19:07:21,026 - INFO - Total live hosts found: 2
2026-07-21 19:08:05,142 - INFO - Batch 1: httpx returned 2 lines
2026-07-21 19:08:05,143 - INFO - Total live hosts found: 2
2026-07-21 19:08:05,148 - INFO - Batch 1: httpx returned 2 lines
2026-07-21 19:08:05,151 - INFO - Total live hosts found: 2
2026-07-21 19:08:30,006 - INFO - Starting reconnaissance for google.com
2026-07-21 19:10:14,406 - INFO - Batch 3: httpx returned 132 lines
2026-07-21 19:10:14,407 - INFO - Batch 2: httpx returned 113 lines
2026-07-21 19:10:14,408 - INFO - Batch 1: httpx returned 134 lines
2026-07-21 19:10:29,433 - INFO - Batch 4: httpx returned 0 lines
2026-07-21 19:10:29,434 - INFO - Batch 5: httpx returned 0 lines
2026-07-21 19:10:29,434 - INFO - Batch 6: httpx returned 0 lines
2026-07-21 19:10:44,460 - INFO - Batch 7: httpx returned 0 lines
2026-07-21 19:10:44,460 - INFO - Batch 8: httpx returned 0 lines
2026-07-21 19:10:44,460 - INFO - Batch 9: httpx returned 6 lines
2026-07-21 19:10:59,483 - INFO - Batch 10: httpx returned 1 lines
2026-07-21 19:10:59,484 - INFO - Batch 12: httpx returned 0 lines
2026-07-21 19:10:59,484 - INFO - Batch 11: httpx returned 0 lines
2026-07-21 19:11:14,506 - INFO - Batch 13: httpx returned 0 lines
2026-07-21 19:11:14,506 - INFO - Batch 15: httpx returned 0 lines
2026-07-21 19:11:14,506 - INFO - Batch 14: httpx returned 0 lines
2026-07-21 19:11:29,530 - INFO - Batch 18: httpx returned 0 lines
2026-07-21 19:11:29,530 - INFO - Batch 17: httpx returned 1 lines
2026-07-21 19:11:29,530 - INFO - Batch 16: httpx returned 0 lines
2026-07-21 19:11:44,556 - INFO - Batch 20: httpx returned 0 lines
2026-07-21 19:11:44,556 - INFO - Batch 21: httpx returned 0 lines
2026-07-21 19:11:44,556 - INFO - Batch 19: httpx returned 1 lines
2026-07-21 19:11:59,584 - INFO - Batch 24: httpx returned 0 lines
2026-07-21 19:11:59,584 - INFO - Batch 23: httpx returned 0 lines
2026-07-21 19:11:59,584 - INFO - Batch 22: httpx returned 0 lines
2026-07-21 19:12:14,598 - INFO - Batch 25: httpx returned 70 lines
2026-07-21 19:12:14,602 - INFO - Batch 27: httpx returned 41 lines
2026-07-21 19:12:14,603 - INFO - Batch 26: httpx returned 38 lines
2026-07-21 19:12:29,620 - INFO - Batch 28: httpx returned 90 lines
2026-07-21 19:12:29,621 - INFO - Batch 29: httpx returned 76 lines
2026-07-21 19:12:29,621 - INFO - Batch 30: httpx returned 87 lines
2026-07-21 19:12:44,645 - INFO - Batch 32: httpx returned 13 lines
2026-07-21 19:12:44,646 - INFO - Batch 31: httpx returned 20 lines
2026-07-21 19:12:44,646 - INFO - Batch 33: httpx returned 18 lines
2026-07-21 19:12:59,671 - INFO - Batch 36: httpx returned 6 lines
2026-07-21 19:12:59,671 - INFO - Batch 35: httpx returned 12 lines
2026-07-21 19:12:59,672 - INFO - Batch 34: httpx returned 7 lines
2026-07-21 19:13:14,694 - INFO - Batch 38: httpx returned 12 lines
2026-07-21 19:13:14,694 - INFO - Batch 37: httpx returned 6 lines
2026-07-21 19:13:14,694 - INFO - Batch 39: httpx returned 14 lines
2026-07-21 19:13:29,719 - INFO - Batch 41: httpx returned 1 lines
2026-07-21 19:13:29,719 - INFO - Batch 42: httpx returned 2 lines
2026-07-21 19:13:29,719 - INFO - Batch 40: httpx returned 9 lines
2026-07-21 19:13:44,740 - INFO - Batch 45: httpx returned 5 lines
2026-07-21 19:13:44,740 - INFO - Batch 43: httpx returned 8 lines
2026-07-21 19:13:44,741 - INFO - Batch 44: httpx returned 14 lines
2026-07-21 19:13:59,761 - INFO - Batch 47: httpx returned 3 lines
2026-07-21 19:13:59,761 - INFO - Batch 46: httpx returned 6 lines
2026-07-21 19:13:59,762 - INFO - Total live hosts found: 946
2026-07-21 19:13:59,852 - INFO - Completed reconnaissance for google.com
2026-07-21 19:16:06,412 - INFO - Batch 1: httpx returned 2 lines
2026-07-21 19:16:06,413 - INFO - Total live hosts found: 2
2026-07-21 19:16:06,414 - INFO - Batch 1: httpx returned 2 lines
2026-07-21 19:16:06,415 - INFO - Total live hosts found: 2
2026-07-21 19:19:04,827 - INFO - Starting reconnaissance for google.com
2026-07-21 19:21:47,185 - INFO - Batch 3: httpx returned 64 lines
2026-07-21 19:21:47,185 - INFO - Batch 1: httpx returned 63 lines
2026-07-21 19:21:47,186 - INFO - Batch 2: httpx returned 74 lines
2026-07-21 19:22:02,208 - INFO - Batch 4: httpx returned 0 lines
2026-07-21 19:22:02,208 - INFO - Batch 6: httpx returned 0 lines
2026-07-21 19:22:02,208 - INFO - Batch 5: httpx returned 0 lines
2026-07-21 19:22:17,235 - INFO - Batch 7: httpx returned 0 lines
2026-07-21 19:22:17,236 - INFO - Batch 9: httpx returned 0 lines
2026-07-21 19:22:17,236 - INFO - Batch 8: httpx returned 1 lines
2026-07-21 19:22:32,257 - INFO - Batch 12: httpx returned 0 lines
2026-07-21 19:22:32,257 - INFO - Batch 11: httpx returned 0 lines
2026-07-21 19:22:32,257 - INFO - Batch 10: httpx returned 4 lines
2026-07-21 19:22:47,280 - INFO - Batch 13: httpx returned 2 lines
2026-07-21 19:22:47,280 - INFO - Batch 14: httpx returned 2 lines
2026-07-21 19:22:47,280 - INFO - Batch 15: httpx returned 5 lines
2026-07-21 19:23:02,302 - INFO - Batch 16: httpx returned 0 lines
2026-07-21 19:23:02,303 - INFO - Batch 17: httpx returned 0 lines
2026-07-21 19:23:02,303 - INFO - Batch 18: httpx returned 4 lines
2026-07-21 19:23:17,324 - INFO - Batch 20: httpx returned 0 lines
2026-07-21 19:23:17,325 - INFO - Batch 21: httpx returned 0 lines
2026-07-21 19:23:17,325 - INFO - Batch 19: httpx returned 1 lines
2026-07-21 19:23:32,347 - INFO - Batch 22: httpx returned 0 lines
2026-07-21 19:23:32,348 - INFO - Batch 23: httpx returned 0 lines
2026-07-21 19:23:32,348 - INFO - Batch 24: httpx returned 0 lines
2026-07-21 19:23:47,378 - INFO - Batch 25: httpx returned 58 lines
2026-07-21 19:23:47,378 - INFO - Batch 26: httpx returned 70 lines
2026-07-21 19:23:47,379 - INFO - Batch 27: httpx returned 70 lines
2026-07-21 19:24:02,401 - INFO - Batch 29: httpx returned 64 lines
2026-07-21 19:24:02,404 - INFO - Batch 30: httpx returned 79 lines
2026-07-21 19:24:02,405 - INFO - Batch 28: httpx returned 69 lines
2026-07-21 19:24:17,432 - INFO - Batch 33: httpx returned 0 lines
2026-07-21 19:24:17,433 - INFO - Batch 32: httpx returned 14 lines
2026-07-21 19:24:17,433 - INFO - Batch 31: httpx returned 15 lines
2026-07-21 19:24:32,455 - INFO - Batch 35: httpx returned 1 lines
2026-07-21 19:24:32,455 - INFO - Batch 36: httpx returned 12 lines
2026-07-21 19:24:32,460 - INFO - Batch 34: httpx returned 22 lines
2026-07-21 19:24:47,475 - INFO - Batch 37: httpx returned 14 lines
2026-07-21 19:24:47,475 - INFO - Batch 38: httpx returned 29 lines
2026-07-21 19:24:47,476 - INFO - Batch 39: httpx returned 15 lines
2026-07-21 19:25:02,498 - INFO - Batch 40: httpx returned 22 lines
2026-07-21 19:25:02,498 - INFO - Batch 42: httpx returned 5 lines
2026-07-21 19:25:02,499 - INFO - Batch 41: httpx returned 23 lines
2026-07-21 19:25:17,520 - INFO - Batch 45: httpx returned 10 lines
2026-07-21 19:25:17,525 - INFO - Batch 44: httpx returned 13 lines
2026-07-21 19:25:17,526 - INFO - Batch 43: httpx returned 18 lines
2026-07-21 19:25:32,543 - INFO - Batch 46: httpx returned 7 lines
2026-07-21 19:25:32,547 - INFO - Batch 47: httpx returned 16 lines
2026-07-21 19:25:32,547 - INFO - Batch 48: httpx returned 11 lines
2026-07-21 19:25:47,564 - INFO - Batch 49: httpx returned 12 lines
2026-07-21 19:25:47,567 - INFO - Batch 51: httpx returned 3 lines
2026-07-21 19:25:47,568 - INFO - Batch 50: httpx returned 17 lines
2026-07-21 19:26:02,586 - INFO - Batch 52: httpx returned 55 lines
2026-07-21 19:26:02,587 - INFO - Batch 54: httpx returned 58 lines
2026-07-21 19:26:02,587 - INFO - Batch 53: httpx returned 52 lines
2026-07-21 19:26:17,612 - INFO - Batch 55: httpx returned 50 lines
2026-07-21 19:26:17,613 - INFO - Batch 57: httpx returned 61 lines
2026-07-21 19:26:17,615 - INFO - Batch 56: httpx returned 62 lines
2026-07-21 19:26:32,637 - INFO - Batch 58: httpx returned 15 lines
2026-07-21 19:26:32,637 - INFO - Batch 59: httpx returned 18 lines
2026-07-21 19:26:32,638 - INFO - Batch 60: httpx returned 33 lines
2026-07-21 19:26:47,661 - INFO - Batch 61: httpx returned 0 lines
2026-07-21 19:26:47,664 - INFO - Batch 62: httpx returned 8 lines
2026-07-21 19:26:47,664 - INFO - Batch 63: httpx returned 6 lines
2026-07-21 19:27:02,676 - INFO - Batch 64: httpx returned 30 lines
2026-07-21 19:27:02,679 - INFO - Batch 65: httpx returned 7 lines
2026-07-21 19:27:02,680 - INFO - Batch 66: httpx returned 25 lines
2026-07-21 19:27:17,697 - INFO - Batch 67: httpx returned 12 lines
2026-07-21 19:27:17,698 - INFO - Batch 69: httpx returned 6 lines
2026-07-21 19:27:17,699 - INFO - Batch 68: httpx returned 18 lines
2026-07-21 19:27:32,723 - INFO - Batch 70: httpx returned 29 lines
2026-07-21 19:27:32,724 - INFO - Batch 71: httpx returned 22 lines
2026-07-21 19:27:32,724 - INFO - Batch 72: httpx returned 7 lines
2026-07-21 19:27:32,725 - INFO - Total live hosts found: 1483
2026-07-21 19:27:32,791 - INFO - Completed reconnaissance for google.com
